// Vitest Snapshot v1, https://vitest.dev/guide/snapshot.html

exports[`runtime auto prefixer > without autoprefixer 1`] = `
"/* layer: default */
.\\[--vars\\:value\\]{--vars:value;}
.\\[-vars\\:value\\]{-vars:value;}
.\\[filter\\:none\\]{filter:none;}
.\\[hyphens\\:none\\]{hyphens:none;}
.\\[non-hyphens\\:none\\]{non-hyphens:none;}
.\\[perspective\\:0\\]{perspective:0;}
.\\[vars\\:value\\]{vars:value;}
.perspect-1px{-webkit-perspective:1px;perspective:1px;}
.hyphens-auto{-webkit-hyphens:auto;-ms-hyphens:auto;hyphens:auto;}
.filter{filter:var(--un-blur) var(--un-brightness) var(--un-contrast) var(--un-drop-shadow) var(--un-grayscale) var(--un-hue-rotate) var(--un-invert) var(--un-saturate) var(--un-sepia);}"
`;
