// Jest Snapshot v1, https://goo.gl/fbAQLP

exports[`default 1`] = `
".p-1{padding:0.25rem;}
.p-3{padding:0.75rem;}
.hover\\\\:p-4:hover{padding:1rem;}
.\\\\!p-5px{padding:5px !important;}
.hover\\\\:\\\\!p-10:hover{padding:2.5rem !important;}
.\\\\!hover\\\\:px-10:hover{padding-left:2.5rem !important; padding-right:2.5rem !important;}
.pt-2{padding-top:0.5rem;}
.pl-10px{padding-left:10px;}
.m-auto{margin:auto;}
.m-\\\\[3em\\\\]{margin:3em;}
.my-auto{margin-top:auto; margin-bottom:auto;}
.flex{display:flex;}
@media (min-width: 768px){.md\\\\:\\\\!hidden{display:none !important;}}
.op-10{opacity:0.1;}
.opacity-0{opacity:0;}
.border{border-width:1px;}
.border-2{border-width:2px;}
.text-red-300{--nw-text-opacity:1; color:rgba(252,165,165,var(--nw-text-opacity));}
.text-blue{--nw-text-opacity:1; color:rgba(96,165,250,var(--nw-text-opacity));}
.text-black\\\\/10{--nw-text-opacity:0.1; color:rgba(0,0,0,var(--nw-text-opacity));}
@media (min-width: 640px){.sm\\\\:text-red-100{--nw-text-opacity:1; color:rgba(254,226,226,var(--nw-text-opacity));}}
.dark .dark\\\\:not-odd\\\\:text-red:not(:nth-child(odd)){--nw-text-opacity:1; color:rgba(248,113,113,var(--nw-text-opacity));}
.bg-teal-100\\\\/55{--nw-bg-opacity:0.55; background-color:rgba(204,251,241,var(--nw-bg-opacity));}
.hover\\\\:not-first\\\\:checked\\\\:bg-red\\\\/10:hover:not(:first):checked{--nw-bg-opacity:0.1; background-color:rgba(248,113,113,var(--nw-bg-opacity));}
.font-mono{font-family:ui-monospace,SFMono-Regular,Menlo,Monaco,Consolas,\\"Liberation Mono\\",\\"Courier New\\",monospace;}
.text-base{font-size:1rem; line-height:1.5rem;}
.text-lg{font-size:1.125rem; line-height:1.75rem;}
.text-4xl{font-size:2.25rem; line-height:2.5rem;}
.rounded{border-radius:0.25rem;}
.rounded-md{border-radius:0.375rem;}
.rounded-tr{border-top-right-radius:0.25rem;}
.rounded-1\\\\/2{border-radius:50%;}
.rounded-full{border-radius:9999px;}
.rounded-\\\\[4px\\\\]{border-radius:4px;}
.rounded-t-sm{border-top-left-radius:0.125rem; border-top-right-radius:0.125rem;}
.rounded-rb-1\\\\/2{border-bottom-right-radius:50%;}"
`;
