// Vitest Snapshot v1

exports[`emojis > extractor1 1`] = `
Set {
  "[🦉=\\"\\"]",
  "[🦉=\\"true\\"]",
  "🦉",
  "[🦉~=\\"1\\"]",
  "[🥝-2=\\"\\"]",
  "[🥝-2=\\"true\\"]",
  "[type~=\\"button\\"]",
}
`;

exports[`emojis > fixture1 1`] = `
"/* layer: default */
.🦉,
[🦉=\\"\\"],
[🦉=\\"true\\"]{color:red;}"
`;
