// Vitest Snapshot v1

exports[`extractString > should extract static template only 1`] = `
[
  {
    "quote": "'",
    "range": [
      85,
      88,
    ],
    "value": "foo",
  },
  {
    "quote": "\\"",
    "range": [
      94,
      97,
    ],
    "value": "bar",
  },
  {
    "quote": "\`",
    "range": [
      103,
      106,
    ],
    "value": "baz",
  },
  {
    "quote": "'",
    "range": [
      112,
      125,
    ],
    "value": "foo\\\\'bar\\\\\\"baz",
  },
  {
    "quote": "\`",
    "range": [
      131,
      134,
    ],
    "value": "foo",
  },
  {
    "quote": "\`",
    "range": [
      156,
      159,
    ],
    "value": "foo",
  },
  {
    "quote": "\`",
    "range": [
      167,
      170,
    ],
    "value": "baz",
  },
  {
    "quote": "\`",
    "range": [
      179,
      187,
    ],
    "value": "ham eggs",
  },
  {
    "quote": "\`",
    "range": [
      193,
      196,
    ],
    "value": "foo",
  },
  {
    "quote": "\`",
    "range": [
      232,
      235,
    ],
    "value": "bar",
  },
]
`;
