// Vitest Snapshot v1

exports[`targets 1`] = `
"/* layer: default */
.bg-blend-\\\\$data{background-blend-mode:var(--data);}
.caption-top{caption-side:top;}
.caption-bottom{caption-side:bottom;}
.inline-table{display:inline-table;}
.table{display:table;}
.table-auto{table-layout:auto;}
.table-empty-cells-visible{empty-cells:show;}
.table-empty-cells-hidden{empty-cells:hide;}
.table-caption{display:table-caption;}
.table-footer-group{display:table-footer-group;}
.table-row-group{display:table-row-group;}
.touch-pan-left,.touch-pan-y{--un-pan-x:var(--un-empty,/*!*/ /*!*/);--un-pan-y:var(--un-empty,/*!*/ /*!*/);--un-pinch-zoom:var(--un-empty,/*!*/ /*!*/);--un-touch-action:var(--un-pan-x) var(--un-pan-y) var(--un-pinch-zoom);}
.touch-pan-left{--un-pan-x:pan-left;touch-action:var(--un-touch-action);}
.touch-pan-y{--un-pan-y:pan-y;touch-action:var(--un-touch-action);}
.scroll-m-\\\\[3em\\\\]{scroll-margin:3em;}
.scroll-m-0{scroll-margin:0rem;}
.scroll-m-1\\\\/2{scroll-margin:50%;}
.scroll-m-auto{scroll-margin:auto;}
.-scroll-mb-px{scroll-margin-bottom:-1px;}
.-scroll-p-px{scroll-padding:-1px;}
.scroll-p-2,.scroll-p2{scroll-padding:0.5rem;}
.scroll-p-t-2,.scroll-pt-2,.scroll-pt2{scroll-padding-top:0.5rem;}
.scroll-pl-10px{scroll-padding-left:10px;}
.list-disc{list-style-type:disc;}
.list-none{list-style-type:none;}
.list-none-inside{list-style-position:inside;list-style-type:none;}
.list-outside{list-style-position:outside;}
.columns-3{column:3;}
.columns-5em{column:5em;}
.columns-auto{column:auto;}
.-space-x-4>:not([hidden])~:not([hidden]){--un-space-x-reverse:0;margin-left:calc(-1rem * calc(1 - var(--un-space-x-reverse)));margin-right:calc(-1rem * var(--un-space-x-reverse));}
.space-x-\\\\$space>:not([hidden])~:not([hidden]){--un-space-x-reverse:0;margin-left:calc(var(--space) * calc(1 - var(--un-space-x-reverse)));margin-right:calc(var(--space) * var(--un-space-x-reverse));}
.space-x-2>:not([hidden])~:not([hidden]){--un-space-x-reverse:0;margin-left:calc(0.5rem * calc(1 - var(--un-space-x-reverse)));margin-right:calc(0.5rem * var(--un-space-x-reverse));}
.space-x-reverse>:not([hidden])~:not([hidden]){--un-space-x-reverse:1;}
.space-y-4>:not([hidden])~:not([hidden]){--un-space-y-reverse:0;margin-top:calc(1rem * calc(1 - var(--un-space-y-reverse)));margin-bottom:calc(1rem * var(--un-space-y-reverse));}
.overscroll-contain{overscroll-behavior:contain;}
.overscroll-x-auto{overscroll-behavior-x:auto;}
.border-custom-b\\\\/10{border-color:rgba(var(--custom), 0.1);}
.bg-custom-b{background-color:rgba(var(--custom), 1);}
.decoration-slice{box-decoration-break:slice;}
.bg-fixed{background-attachment:fixed;}
.bg-local{background-attachment:local;}
.bg-scroll{background-attachment:scroll;}
.bg-blend-normal{background-blend-mode:normal;}
.bg-blend-color-burn{background-blend-mode:color-burn;}
.bg-blend-luminosity{background-blend-mode:luminosity;}
.bg-clip-border{-webkit-background-clip:border-box;background-attachment:border-box;}
.bg-clip-text{-webkit-background-clip:text;background-attachment:text;}
.from-current{--un-gradient-from:currentColor;--un-gradient-stops:var(--un-gradient-from), var(--un-gradient-to, rgba(255, 255, 255, 0));}
.from-green-500{--un-gradient-from:rgba(34,197,94, var(--un-from-opacity, 1));--un-gradient-stops:var(--un-gradient-from), var(--un-gradient-to, rgba(255, 255, 255, 0));}
.from-transparent{--un-gradient-from:transparent;--un-gradient-stops:var(--un-gradient-from), var(--un-gradient-to, rgba(255, 255, 255, 0));}
.to-current{--un-gradient-to:currentColor;}
.to-green-500{--un-gradient-to:rgba(34,197,94, var(--un-to-opacity, 1));}
.to-transparent{--un-gradient-to:transparent;}
.via-current{--un-gradient-stops:var(--un-gradient-from), currentColor, var(--un-gradient-to, rgba(255, 255, 255, 0));}
.via-green-500{--un-gradient-stops:var(--un-gradient-from), rgba(34,197,94, var(--un-via-opacity, 1)), var(--un-gradient-to, rgba(255, 255, 255, 0));}
.via-green-500\\\\/30{--un-gradient-stops:var(--un-gradient-from), rgba(34,197,94,0.3), var(--un-gradient-to, rgba(255, 255, 255, 0));}
.via-transparent{--un-gradient-stops:var(--un-gradient-from), transparent, var(--un-gradient-to, rgba(255, 255, 255, 0));}
.via-opacity-30{--un-via-opacity:0.3;}
.bg-none{background-image:none;}
.bg-gradient-to-t{background-image:linear-gradient(to top, var(--un-gradient-stops));}
.bg-gradient-to-tl{background-image:linear-gradient(to top left, var(--un-gradient-stops));}
.bg-origin-border{background-origin:border-box;}
.bg-bottom{background-position:bottom;}
.bg-right-bottom{background-position:right bottom;}
.bg-no-repeat{background-repeat:no-repeat;}
.bg-repeat-space{background-position:space;}
.bg-auto{background-size:auto;}
.bg-cover{background-size:cover;}
.dark .\\\\.dark\\\\:text-xl{font-size:1.25rem;line-height:1.75rem;}
.lining-nums,.tabular-nums{--un-ordinal:var(--un-empty,/*!*/ /*!*/);--un-slashed-zero:var(--un-empty,/*!*/ /*!*/);--un-numeric-figure:var(--un-empty,/*!*/ /*!*/);--un-numeric-spacing:var(--un-empty,/*!*/ /*!*/);--un-numeric-fraction:var(--un-empty,/*!*/ /*!*/);font-variant-numeric:var(--un-ordinal) var(--un-slashed-zero) var(--un-numeric-figure) var(--un-numeric-spacing) var(--un-numeric-fraction);}
.lining-nums{--un-numeric-figure:lining-nums;}
.tabular-nums{--un-numeric-spacing:tabular-nums;}
.normal-nums{font-variant-numeric:normal;}
.text-custom-a{color:var(--custom);}
.hyphens-none{-webkit-hyphens:none;-ms-hyphens:none;hyphens:none;}
.write-normal{writing-mode:horizontal-tb;}
.write-orient-sideways{text-orientation:sideways;}
.caret-red{--un-caret-opacity:1;caret-color:rgba(248,113,113,var(--un-caret-opacity));}
.caret-op-90{--un-caret-opacity:0.9;}
.accent-red{--un-accent-opacity:1;accent-color:rgba(248,113,113,var(--un-accent-opacity));}
.accent-op-90{--un-accent-opacity:0.9;}
.mix-blend-normal{mix-blend-mode:normal;}
.mix-blend-color-light{mix-blend-mode:color-light;}
.image-render-pixel{-ms-interpolation-mode:nearest-neighbor;image-rendering:-webkit-optimize-contrast;image-rendering:-moz-crisp-edges;image-rendering:-o-pixelated;image-rendering:pixelated;}
@media (prefers-color-scheme: dark){
.\\\\@dark\\\\:text-xl{font-size:1.25rem;line-height:1.75rem;}
}"
`;
