// Vitest Snapshot v1, https://vitest.dev/guide/snapshot.html

exports[`preset-mini > custom var prefix 1`] = `
"/* layer: default */
.text-red{--hi-text-opacity:1;color:rgba(248,113,113,var(--hi-text-opacity));}
.text-opacity-50{--hi-text-opacity:0.5;}
.scale-100{--hi-scale-x:1;--hi-scale-y:1;transform:translateX(var(--hi-translate-x)) translateY(var(--hi-translate-y)) translateZ(var(--hi-translate-z)) rotate(var(--hi-rotate)) rotateX(var(--hi-rotate-x)) rotateY(var(--hi-rotate-y)) rotateZ(var(--hi-rotate-z)) skewX(var(--hi-skew-x)) skewY(var(--hi-skew-y)) scaleX(var(--hi-scale-x)) scaleY(var(--hi-scale-y)) scaleZ(var(--hi-scale-z));}"
`;

exports[`preset-mini > dark class 1`] = `
"/* layer: default */
.dark .hello .dark\\\\:scope-\\\\[\\\\.hello\\\\]\\\\:text-1\\\\/2{font-size:0.25rem;line-height:0.5rem;}
.light [world] .scope-\\\\[\\\\[world\\\\]\\\\]\\\\:light\\\\:text-1\\\\/3{font-size:0.25rem;line-height:0.75rem;}"
`;

exports[`preset-mini > dark customizing selector 1`] = `
"/* layer: default */
[data-mode=\\"dark\\"] .dark\\\\:bg-white{--un-bg-opacity:1;background-color:rgba(255,255,255,var(--un-bg-opacity));}
[data-mode=\\"light\\"] .light\\\\:bg-black{--un-bg-opacity:1;background-color:rgba(0,0,0,var(--un-bg-opacity));}
[data-mode=\\"dark\\"] .dark\\\\:hover\\\\:rounded:hover{border-radius:0.25rem;}
[data-mode=\\"dark\\"] .dark\\\\:text-lg{font-size:1.125rem;line-height:1.75rem;}
[data-mode=\\"light\\"] .light\\\\:text-sm{font-size:0.875rem;line-height:1.25rem;}
[data-mode=\\"light\\"] .light\\\\:disabled\\\\:w-full:disabled{width:100%;}"
`;

exports[`preset-mini > empty prefix 1`] = `
"/* layer: default */
.text-red{--text-opacity:1;color:rgba(248,113,113,var(--text-opacity));}
.text-opacity-50{--text-opacity:0.5;}
.scale-100{--scale-x:1;--scale-y:1;transform:translateX(var(--translate-x)) translateY(var(--translate-y)) translateZ(var(--translate-z)) rotate(var(--rotate)) rotateX(var(--rotate-x)) rotateY(var(--rotate-y)) rotateZ(var(--rotate-z)) skewX(var(--skew-x)) skewY(var(--skew-y)) scaleX(var(--scale-x)) scaleY(var(--scale-y)) scaleZ(var(--scale-z));}"
`;

exports[`preset-mini > fontSize theme 1`] = `
"/* layer: default */
.text-lg{font-size:3rem;line-height:1.5em;}
.text-medium{font-size:2rem;line-height:1.5em;}
.text-small{font-size:1rem;line-height:1;}
.text-xs{font-size:2rem;line-height:1;}"
`;

exports[`preset-mini > nested theme colors 1`] = `
"/* layer: default */
.bg-a-b-c{--un-bg-opacity:1;background-color:rgba(81,69,67,var(--un-bg-opacity));}
.text-a-b-c{--un-text-opacity:1;color:rgba(81,69,67,var(--un-text-opacity));}
.text-a-camel-case{--un-text-opacity:1;color:rgba(34,51,68,var(--un-text-opacity));}"
`;

exports[`preset-mini > the :active pseudo is sorted and separated after other pseudo 1`] = `
"/* layer: default */
.focus\\\\:bg-blue-3:focus,
.hover\\\\:bg-blue-3:hover{--un-bg-opacity:1;background-color:rgba(147,197,253,var(--un-bg-opacity));}
.active\\\\:bg-blue-3:active{--un-bg-opacity:1;background-color:rgba(147,197,253,var(--un-bg-opacity));}"
`;
