// Vitest Snapshot v1

exports[`preset-mini > custom var prefix 1`] = `
"/* layer: default */
.text-red{--hi-text-opacity:1;color:rgba(248,113,113,var(--hi-text-opacity));}
.text-opacity-50{--hi-text-opacity:0.5;}
.scale-100{--hi-rotate:0;--hi-rotate-x:0;--hi-rotate-y:0;--hi-rotate-z:0;--hi-scale-x:1;--hi-scale-y:1;--hi-scale-z:1;--hi-skew-x:0;--hi-skew-y:0;--hi-translate-x:0;--hi-translate-y:0;--hi-translate-z:0;--hi-transform:translateX(var(--hi-translate-x)) translateY(var(--hi-translate-y)) translateZ(var(--hi-translate-z)) rotate(var(--hi-rotate)) rotateX(var(--hi-rotate-x)) rotateY(var(--hi-rotate-y)) rotateZ(var(--hi-rotate-z)) skewX(var(--hi-skew-x)) skewY(var(--hi-skew-y)) scaleX(var(--hi-scale-x)) scaleY(var(--hi-scale-y)) scaleZ(var(--hi-scale-z));}
.scale-100{--hi-scale-x:1;--hi-scale-y:1;transform:var(--hi-transform);}"
`;

exports[`preset-mini > targets 1`] = `
"/* layer: 1 */
.layer-1\\\\:translate-0{--un-rotate:0;--un-rotate-x:0;--un-rotate-y:0;--un-rotate-z:0;--un-scale-x:1;--un-scale-y:1;--un-scale-z:1;--un-skew-x:0;--un-skew-y:0;--un-translate-x:0;--un-translate-y:0;--un-translate-z:0;--un-transform:translateX(var(--un-translate-x)) translateY(var(--un-translate-y)) translateZ(var(--un-translate-z)) rotate(var(--un-rotate)) rotateX(var(--un-rotate-x)) rotateY(var(--un-rotate-y)) rotateZ(var(--un-rotate-z)) skewX(var(--un-skew-x)) skewY(var(--un-skew-y)) scaleX(var(--un-scale-x)) scaleY(var(--un-scale-y)) scaleZ(var(--un-scale-z));}
.layer-1\\\\:translate-0{--un-translate-x:0rem;--un-translate-y:0rem;transform:var(--un-transform);}
/* layer: default */
.fw-\\\\$variable{font-weight:var(--variable);}
.items-\\\\$size{align-items:var(--size);}
.ws-\\\\$\\\\{row\\\\.span\\\\}\\\\/24{white-space:var(--\\\\{row\\\\.span\\\\}\\\\/24);}
.ws-\\\\$variable{white-space:var(--variable);}
.\\\\[a\\\\:b\\\\]{a:b;}
.\\\\[background-image\\\\:url\\\\(star_transparent\\\\.gif\\\\)\\\\,_url\\\\(cat_front\\\\.png\\\\)\\\\]{background-image:url(star\\\\_transparent.gif), url(cat\\\\_front.png);}
.\\\\[content\\\\:attr\\\\(attr_content\\\\)\\\\]{content:attr(attr content);}
.\\\\[content\\\\:attr\\\\(attr\\\\\\\\_content\\\\)\\\\]{content:attr(attr\\\\_content);}
.\\\\[margin\\\\:logical_1rem_2rem_3rem\\\\]{margin:logical 1rem 2rem 3rem;}
.all-\\\\[\\\\.target\\\\]-\\\\[combinator\\\\:test-2\\\\] .target,
.children-\\\\[\\\\.target\\\\]-\\\\[combinator\\\\:test-2\\\\]>.target,
.next-\\\\[\\\\.target\\\\]-\\\\[combinator\\\\:test-2\\\\]+.target{combinator:test-2;}
.scope .group-\\\\[\\\\.scope\\\\]-\\\\[combinator\\\\:test-3\\\\],
.scope+.previous-\\\\[\\\\.scope\\\\]-\\\\[combinator\\\\:test-3\\\\],
.scope>.parent-\\\\[\\\\.scope\\\\]-\\\\[combinator\\\\:test-3\\\\]{combinator:test-3;}
.sibling-\\\\[div\\\\:hover\\\\]-\\\\[combinator\\\\:test-4\\\\]+div:hover,
div:hover .group-\\\\[div\\\\:hover\\\\]-\\\\[combinator\\\\:test-4\\\\]{combinator:test-4;}
.-p-px{padding:-1px;}
.\\\\!p-5px{padding:5px !important;}
.first\\\\:p-2:first-child,
.has-hover\\\\:p-2:has(:hover),
.p-2,
.p2,
.where-hover\\\\:p-2:where(:hover){padding:0.5rem;}
.group:focus .group-focus\\\\:p-4,
.p-xy,
.pxy{padding:1rem;}
.hover\\\\:\\\\!p-1:hover{padding:0.25rem !important;}
.hover\\\\:p-5:hover{padding:1.25rem;}
.important\\\\:p-3{padding:0.75rem !important;}
.is-hover\\\\:p-4px:is(:hover),
.not-hover\\\\:p-4px:not(:hover){padding:4px;}
.not-hover\\\\:p-3:not(:hover){padding:0.75rem;}
.p-none{padding:0rem;}
.pa{padding:auto;}
.\\\\!hover\\\\:px-10:hover{padding-left:2.5rem !important;padding-right:2.5rem !important;}
.p-x,
.px{padding-left:1rem;padding-right:1rem;}
.p-t-2,
.pt-2,
.pt2{padding-top:0.5rem;}
.pb{padding-bottom:1rem;}
.pl-10px{padding-left:10px;}
.pt-\\\\$title2{padding-top:var(--title2);}
.p-bs-2,
.pbs-2,
.pbs2{padding-block-start:0.5rem;}
.p-ie-none{padding-inline-end:0rem;}
.p-is,
.pis{padding-inline-start:1rem;}
.pbs-\\\\$title2{padding-block-start:var(--title2);}
.pis-10px{padding-inline-start:10px;}
.\\\\!m-\\\\$c-m{margin:var(--c-m) !important;}
.all\\\\:m-auto *,
.children\\\\:m-auto>*,
.m-auto{margin:auto;}
.m-\\\\[3em\\\\]{margin:3em;}
.m-0,
.m-none{margin:0rem;}
.m-1\\\\/2{margin:50%;}
.m-xy,
.mxy{margin:1rem;}
.my-auto{margin-top:auto;margin-bottom:auto;}
.-mb-px{margin-bottom:-1px;}
.mt-\\\\[-10\\\\.2\\\\%\\\\]{margin-top:-10.2%;}
.mt-\\\\$height{margin-top:var(--height);}
.next\\\\:mt-0+*{margin-top:0rem;}
.m-block{margin-block-start:1rem;margin-block-end:1rem;}
.m-block-auto{margin-block-start:auto;margin-block-end:auto;}
.m-inline-none{margin-inline-start:0rem;margin-inline-end:0rem;}
.mbs{margin-block-start:1rem;}
.mbs-\\\\[-10\\\\.2\\\\%\\\\]{margin-block-start:-10.2%;}
.mbs-\\\\$height{margin-block-start:var(--height);}
.unocss .scope-unocss\\\\:block{display:block;}
.contents{display:contents;}
.disabled\\\\:op50:disabled{opacity:0.5;}
.op-10{opacity:0.1;}
.opacity-\\\\$opa{opacity:var(--opa);}
.opacity-0{opacity:0;}
.placeholder-opacity-60::placeholder{opacity:0.6;}
.bg-\\\\[\\\\#153\\\\]\\\\/10,
.bg-\\\\[\\\\#1533\\\\]\\\\/10{background-color:rgba(17,85,51,0.1);}
.bg-\\\\[\\\\#1533\\\\]{--un-bg-opacity:0.2;background-color:rgba(17,85,51,var(--un-bg-opacity));}
.bg-\\\\[rgba\\\\(1\\\\,2\\\\,3\\\\,0\\\\.5\\\\)\\\\]{--un-bg-opacity:0.5;background-color:rgba(1,2,3,var(--un-bg-opacity));}
.bg-\\\\#452233\\\\/40,
.bg-hex-452233\\\\/40{background-color:rgba(69,34,51,0.4);}
.bg-\\\\$test-variable{background-color:var(--test-variable);}
.bg-red-100{--un-bg-opacity:1;background-color:rgba(254,226,226,var(--un-bg-opacity));}
.bg-teal-100\\\\/55{background-color:rgba(204,251,241,0.55);}
.bg-teal-200\\\\:55{background-color:rgba(153,246,228,0.55);}
.bg-teal-300\\\\:\\\\[\\\\.55\\\\]{background-color:rgba(94,234,212,.55);}
.bg-teal-400\\\\/\\\\[\\\\.55\\\\]{background-color:rgba(45,212,191,.55);}
.bg-teal-500\\\\/\\\\[55\\\\%\\\\]{background-color:rgba(20,184,166,55%);}
.file\\\\:bg-violet-50::file-selector-button{--un-bg-opacity:1;background-color:rgba(245,243,255,var(--un-bg-opacity));}
.first-letter\\\\:bg-green-400::first,
.first-line\\\\:bg-green-400::first{--un-bg-opacity:1;background-color:rgba(74,222,128,var(--un-bg-opacity));}
.focus-within\\\\:has-first\\\\:checked\\\\:bg-gray\\\\/20:focus-within:has(:first-child):checked,
.focus-within\\\\:where-first\\\\:checked\\\\:bg-gray\\\\/20:focus-within:where(:first-child):checked{background-color:rgba(156,163,175,0.2);}
.hover\\\\:file\\\\:bg-violet-100:hover::file-selector-button{--un-bg-opacity:1;background-color:rgba(237,233,254,var(--un-bg-opacity));}
.hover\\\\:is-first\\\\:checked\\\\:bg-true-gray\\\\/10:hover:is(:first-child):checked,
.hover\\\\:not-first\\\\:checked\\\\:bg-true-gray\\\\/10:hover:not(:first-child):checked{background-color:rgba(163,163,163,0.1);}
.hover\\\\:not-first\\\\:checked\\\\:bg-red\\\\/10:hover:not(:first-child):checked{background-color:rgba(248,113,113,0.1);}
.marker\\\\:bg-violet-200::marker{--un-bg-opacity:1;background-color:rgba(221,214,254,var(--un-bg-opacity));}
.peer:checked~.peer-checked\\\\:bg-blue-500{--un-bg-opacity:1;background-color:rgba(59,130,246,var(--un-bg-opacity));}
.previous:checked+.previous-checked\\\\:bg-red-500{--un-bg-opacity:1;background-color:rgba(239,68,68,var(--un-bg-opacity));}
.bg-opacity-45{--un-bg-opacity:0.45;}
.all-\\\\[svg\\\\]\\\\:fill-red svg{--un-fill-opacity:1;fill:rgba(248,113,113,var(--un-fill-opacity));}
.fill-\\\\[\\\\#123\\\\]{--un-fill-opacity:1;fill:rgba(17,34,51,var(--un-fill-opacity));}
.fill-\\\\[1rem\\\\]{fill:1rem;}
.fill-current{fill:currentColor;}
.fill-green-400{--un-fill-opacity:1;fill:rgba(74,222,128,var(--un-fill-opacity));}
.fill-opacity-80{--un-fill-opacity:0.8;}
.fill-none{fill:none;}
.stroke-size-\\\\[1rem\\\\],
.stroke-width-\\\\[1rem\\\\]{stroke-width:1rem;}
.stroke-size-\\\\$variable,
.stroke-width-\\\\$variable{stroke-width:var(--variable);}
.stroke-size-1,
.stroke-size-1px,
.stroke-width-1,
.stroke-width-1px{stroke-width:1px;}
.stroke-size-none{stroke-width:0px;}
.stroke-dash-\\\\[5\\\\,3\\\\,2\\\\]{stroke-dasharray:5,3,2;}
.stroke-dash-\\\\$variable{stroke-dasharray:var(--variable);}
.stroke-dash-1{stroke-dasharray:1;}
.stroke-offset-\\\\[1rem\\\\]{stroke-dashoffset:1rem;}
.stroke-offset-\\\\$variable{stroke-dashoffset:var(--variable);}
.stroke-offset-1,
.stroke-offset-1px{stroke-dashoffset:1px;}
.stroke-offset-none{stroke-dashoffset:0px;}
.stroke-\\\\[\\\\#123\\\\]{--un-stroke-opacity:1;stroke:rgba(17,34,51,var(--un-stroke-opacity));}
.stroke-\\\\[1rem\\\\]{stroke:1rem;}
.stroke-current{stroke:currentColor;}
.stroke-green-400{--un-stroke-opacity:1;stroke:rgba(74,222,128,var(--un-stroke-opacity));}
.stroke-opacity-80{--un-stroke-opacity:0.8;}
.stroke-cap-round{stroke-linecap:round;}
.stroke-cap-auto{stroke-linecap:butt;}
.stroke-join-clip{stroke-linejoin:miter-clip;}
.stroke-join-auto{stroke-linejoin:miter;}
.stroke-none{stroke:none;}
.b-2{border-width:2px;border-style:solid;}
.border{border-width:1px;border-style:solid;}
.border-4{border-width:4px;border-style:solid;}
.border-x{border-left-width:1px;border-right-width:1px;border-left-style:solid;border-right-style:solid;}
.border-b{border-bottom-width:1px;border-bottom-style:solid;}
.border-t-2{border-top-width:2px;border-top-style:solid;}
.border-inline{border-inline-start-width:1px;border-inline-end-width:1px;border-inline-start-style:solid;border-inline-end-style:solid;}
.border-be{border-block-end-width:1px;border-block-end-style:solid;}
.border-bs-2{border-block-start-width:2px;border-block-start-style:solid;}
.border-size-\\\\$variable,
.border-width-\\\\$variable{border-width:var(--variable);}
.border-size-2{border-width:2px;}
.border-size-none{border-width:0px;}
.border-width-3{border-width:3px;}
.border-x-size-2{border-left-width:2px;border-right-width:2px;}
.border-x-width-3{border-left-width:3px;border-right-width:3px;}
.border-s-width-\\\\$variable{border-inline-start-width:var(--variable);}
.border-t-size-2{border-top-width:2px;}
.border-t-width-3{border-top-width:3px;}
.b-block-size-\\\\$variable{border-block-start-width:var(--variable);border-block-end-width:var(--variable);}
.border-\\\\[\\\\#124\\\\]{--un-border-opacity:1;border-color:rgba(17,34,68,var(--un-border-opacity));}
.border-\\\\[2em\\\\]{border-color:2em;}
.border-\\\\[calc\\\\(1em-1px\\\\)\\\\]{border-color:calc(1em - 1px);}
.border-\\\\[var\\\\(--color\\\\)\\\\],
.border-\\\\$color{border-color:var(--color);}
.border-black\\\\/10{border-color:rgba(0,0,0,0.1);}
.border-blue{--un-border-opacity:1;border-color:rgba(96,165,250,var(--un-border-opacity));}
.border-green-100\\\\/20{border-color:rgba(220,252,231,0.2);}
.border-red-100,
.border-red100{--un-border-opacity:1;border-color:rgba(254,226,226,var(--un-border-opacity));}
.border-red-200\\\\/10{border-color:rgba(254,202,202,0.1);}
.border-red-300\\\\/20{border-color:rgba(252,165,165,0.2);}
.border-red2{--un-border-opacity:1;border-color:rgba(254,202,202,var(--un-border-opacity));}
.border-x-\\\\[rgb\\\\(1\\\\,2\\\\,3\\\\)\\\\]\\\\/\\\\[0\\\\.5\\\\]{border-left-color:rgba(1,2,3,0.5);border-right-color:rgba(1,2,3,0.5);}
.border-x-\\\\$color{border-left-color:var(--color);border-right-color:var(--color);}
.border-y-red{--un-border-opacity:1;--un-border-top-opacity:var(--un-border-opacity);border-top-color:rgba(248,113,113,var(--un-border-top-opacity));--un-border-bottom-opacity:var(--un-border-opacity);border-bottom-color:rgba(248,113,113,var(--un-border-bottom-opacity));}
.border-b-blue{--un-border-opacity:1;--un-border-bottom-opacity:var(--un-border-opacity);border-bottom-color:rgba(96,165,250,var(--un-border-bottom-opacity));}
.border-e-red-200\\\\/10{border-inline-end-color:rgba(254,202,202,0.1);}
.border-e-red-300\\\\/\\\\[20\\\\]{border-inline-end-color:rgba(252,165,165,20);}
.border-s-red-100{--un-border-opacity:1;--un-border-inline-start-opacity:var(--un-border-opacity);border-inline-start-color:rgba(254,226,226,var(--un-border-inline-start-opacity));}
.border-t-\\\\[\\\\#124\\\\]{--un-border-opacity:1;--un-border-top-opacity:var(--un-border-opacity);border-top-color:rgba(17,34,68,var(--un-border-top-opacity));}
.border-t-\\\\$color{border-top-color:var(--color);}
.border-t-black\\\\/10{border-top-color:rgba(0,0,0,0.1);}
.border-opacity-20{--un-border-opacity:0.2;}
.border-y-op-30{--un-border-top-opacity:0.3;--un-border-bottom-opacity:0.3;}
.border-b-op40{--un-border-bottom-opacity:0.4;}
.border-s-opacity50{--un-border-inline-start-opacity:0.5;}
.b-rounded,
.border-rounded,
.rounded{border-radius:0.25rem;}
.rounded-\\\\[4px\\\\]{border-radius:4px;}
.rounded-\\\\$variable{border-radius:var(--variable);}
.rounded-1\\\\/2{border-radius:50%;}
.rounded-full{border-radius:9999px;}
.rounded-md{border-radius:0.375rem;}
.rounded-none{border-radius:0rem;}
.rounded-t-sm{border-top-left-radius:0.125rem;border-top-right-radius:0.125rem;}
.rounded-rb-1\\\\/2{border-bottom-right-radius:50%;}
.rounded-tr{border-top-right-radius:0.25rem;}
.rounded-bs-sm{border-start-start-radius:0.125rem;border-start-end-radius:0.125rem;}
.rounded-bs-ie{border-start-end-radius:0.25rem;}
.rounded-ie-be-1\\\\/2{border-end-end-radius:50%;}
.b-dashed,
.border-dashed{border-style:dashed;}
.b-dotted,
.border-dotted{border-style:dotted;}
.b-double,
.border-double{border-style:double;}
.b-hidden,
.border-hidden{border-style:hidden;}
.b-none,
.border-none{border-style:none;}
.b-solid,
.border-solid{border-style:solid;}
.border-x-dashed{border-left-style:dashed;border-right-style:dashed;}
.border-y-unset{border-top-style:unset;border-bottom-style:unset;}
.border-b-dashed{border-bottom-style:dashed;}
.border-e-dashed{border-inline-end-style:dashed;}
.border-l-dashed{border-left-style:dashed;}
.border-r-dashed{border-right-style:dashed;}
.border-s-dashed{border-inline-start-style:dashed;}
.border-t-dashed{border-top-style:dashed;}
.border-block-style-double{border-block-start-style:double;border-block-end-style:double;}
.border-is-style-double{border-inline-start-style:double;}
.after\\\\:content-\\\\[unocss\\\\]::after,
.content-\\\\[unocss\\\\]{content:unocss;}
.content-\\\\[attr\\\\(dashed-attr\\\\)\\\\]{content:attr(dashed-attr);}
.content-unocss{content:\\"unocss\\";}
.content-empty,
.content-none{content:\\"\\";}
.font-\\\\[system-ui\\\\]{font-family:system-ui;}
.font-\\\\$font-name{font-family:var(--font-name);}
.font-mono{font-family:ui-monospace,SFMono-Regular,Menlo,Monaco,Consolas,\\"Liberation Mono\\",\\"Courier New\\",monospace;}
.group:has(:placeholder-shown) .group-has-placeholder-shown\\\\:text-4xl,
.group:where(:placeholder-shown) .group-where-placeholder-shown\\\\:text-4xl,
.text-4xl{font-size:2.25rem;line-height:2.5rem;}
.peer:is(:placeholder-shown)~.peer-is-placeholder-shown\\\\:text-3xl,
.peer:not(:placeholder-shown)~.peer-not-placeholder-shown\\\\:text-3xl{font-size:1.875rem;line-height:2.25rem;}
.peer:not(:placeholder-shown)~.peer-not-placeholder-shown\\\\:text-2xl{font-size:1.5rem;line-height:2rem;}
.text-\\\\[length\\\\:2em\\\\],
.text-2em,
.text-size-\\\\[2em\\\\]{font-size:2em;}
.text-\\\\[length\\\\:calc\\\\(1em-1px\\\\)\\\\]{font-size:calc(1em - 1px);}
.text-\\\\[length\\\\:var\\\\(--size\\\\)\\\\]{font-size:var(--size);}
.text-base{font-size:1rem;line-height:1.5rem;}
.text-lg{font-size:1.125rem;line-height:1.75rem;}
.text-size-\\\\$variable{font-size:var(--variable);}
.font-050,
.font-50,
.fw-050,
.fw-50{font-weight:50;}
.font-900,
.fw-900{font-weight:900;}
.font-inherit{font-weight:inherit;}
.font-thin{font-weight:100;}
.font-leading-2,
.leading-2{line-height:0.5rem;}
.leading-\\\\$variable,
.lh-\\\\$variable{line-height:var(--variable);}
.leading-inherit{line-height:inherit;}
.lh-\\\\[1\\\\.5\\\\]{line-height:1.5;}
.font-synthesis-small-caps{font-synthesis:small-caps;}
.font-synthesis-weight{font-synthesis:weight;}
.font-tracking-1em{letter-spacing:1em;}
.tracking-\\\\[2\\\\/5\\\\]{letter-spacing:2/5;}
.tracking-\\\\$variable{letter-spacing:var(--variable);}
.tracking-inherit{letter-spacing:inherit;}
.tracking-wide{letter-spacing:0.025em;}
.word-spacing-\\\\$variable{word-spacing:var(--variable);}
.word-spacing-1{word-spacing:0.25rem;}
.word-spacing-2{word-spacing:0.5rem;}
.word-spacing-inherit{word-spacing:inherit;}
.word-spacing-wide{word-spacing:0.025em;}
.tab{-moz-tab-size:4;-o-tab-size:4;tab-size:4;}
.tab-\\\\$tabprop{-moz-tab-size:var(--tabprop);-o-tab-size:var(--tabprop);tab-size:var(--tabprop);}
.tab-6{-moz-tab-size:6;-o-tab-size:6;tab-size:6;}
.tab-inherit{-moz-tab-size:inherit;-o-tab-size:inherit;tab-size:inherit;}
.indent{text-indent:1.5rem;}
.indent-1\\\\/2{text-indent:50%;}
.indent-lg{text-indent:2rem;}
.indent-unset{text-indent:unset;}
.text-clip{text-overflow:clip;}
.decoration-underline,
.underline{text-decoration-line:underline;}
.decoration-5,
.underline-5{text-decoration-thickness:5px;}
.decoration-size-none{text-decoration-thickness:0px;}
.underline-1rem{text-decoration-thickness:1rem;}
.underline-auto{text-decoration-thickness:auto;}
.decoration-purple\\\\/50{-webkit-text-decoration-color:rgba(192,132,252,0.5);text-decoration-color:rgba(192,132,252,0.5);}
.decoration-transparent{-webkit-text-decoration-color:transparent;text-decoration-color:transparent;}
.underline-red-500{-webkit-text-decoration-color:rgba(239,68,68,var(--un-line-opacity));--un-line-opacity:1;text-decoration-color:rgba(239,68,68,var(--un-line-opacity));}
.underline-op80{--un-line-opacity:0.8;}
.decoration-offset-0\\\\.6rem,
.underline-offset-0\\\\.6rem{text-underline-offset:0.6rem;}
.decoration-offset-none{text-underline-offset:0px;}
.underline-offset-4{text-underline-offset:4px;}
.underline-offset-auto{text-underline-offset:auto;}
.underline-dashed{text-decoration-style:dashed;}
.decoration-none{text-decoration:none;}
.text-stroke-6{-webkit-text-stroke-width:6px;}
.text-stroke-sm{-webkit-text-stroke-width:thin;}
.text-stroke-blue-500{--un-text-stroke-opacity:1;-webkit-text-stroke-color:rgba(59,130,246,var(--un-text-stroke-opacity));}
.text-stroke-op-60{--un-text-stroke-opacity:0.6;}
.text-shadow{--un-text-shadow:0 0 1px var(--un-text-shadow-color, rgba(0,0,0,0.2)),0 0 1px var(--un-text-shadow-color, rgba(1,0,5,0.1));text-shadow:var(--un-text-shadow);}
.text-shadow-\\\\$var{text-shadow:var(--var);}
.text-shadow-lg{--un-text-shadow:3px 3px 6px var(--un-text-shadow-color, rgba(0,0,0,0.26)),0 0 5px var(--un-text-shadow-color, rgba(15,3,86,0.22));text-shadow:var(--un-text-shadow);}
.text-shadow-none{--un-text-shadow:0 0 var(--un-text-shadow-color, rgba(0,0,0,0));text-shadow:var(--un-text-shadow);}
.text-shadow-color-red-300{--un-text-shadow-opacity:1;--un-text-shadow-color:rgba(252,165,165,var(--un-text-shadow-opacity));}
.text-shadow-color-op-30{--un-text-shadow-opacity:0.3;}
.case-upper{text-transform:uppercase;}
.case-normal{text-transform:none;}
.group:focus:hover .group-hover\\\\:group-focus\\\\:text-center,
.parent:hover>.parent-hover\\\\:text-center{text-align:center;}
.text-left,
[dir=\\"ltr\\"] .ltr\\\\:text-left{text-align:left;}
[dir=\\"rtl\\"] .rtl\\\\:text-right{text-align:right;}
.c-\\\\[\\\\#157\\\\],
.c-\\\\#157,
.c-hex-157{--un-text-opacity:1;color:rgba(17,85,119,var(--un-text-opacity));}
.c-\\\\[\\\\#157\\\\]\\\\/\\\\$opacity-variable{color:rgba(17,85,119,var(--opacity-variable));}
.c-\\\\[\\\\#157\\\\]\\\\/10,
.c-\\\\#157\\\\/10,
.c-hex-157\\\\/10{color:rgba(17,85,119,0.1);}
.c-\\\\[\\\\#2573\\\\],
.c-\\\\#2573,
.c-hex-2573{--un-text-opacity:0.2;color:rgba(34,85,119,var(--un-text-opacity));}
.c-\\\\[\\\\#2573\\\\]\\\\/\\\\$opacity-variable{color:rgba(34,85,119,var(--opacity-variable));}
.c-\\\\[\\\\#2573\\\\]\\\\/10,
.c-\\\\#2573\\\\/10,
.c-hex-2573\\\\/10{color:rgba(34,85,119,0.1);}
.c-\\\\[\\\\#335577\\\\],
.c-\\\\#335577,
.c-hex-335577{--un-text-opacity:1;color:rgba(51,85,119,var(--un-text-opacity));}
.c-\\\\[\\\\#335577\\\\]\\\\/\\\\$opacity-variable{color:rgba(51,85,119,var(--opacity-variable));}
.c-\\\\[\\\\#335577\\\\]\\\\/10,
.c-\\\\#335577\\\\/10,
.c-hex-335577\\\\/10{color:rgba(51,85,119,0.1);}
.c-\\\\[\\\\#44557733\\\\],
.c-\\\\#44557733,
.c-hex-44557733{--un-text-opacity:0.2;color:rgba(68,85,119,var(--un-text-opacity));}
.c-\\\\[\\\\#44557733\\\\]\\\\/\\\\$opacity-variable{color:rgba(68,85,119,var(--opacity-variable));}
.c-\\\\[\\\\#44557733\\\\]\\\\/10,
.c-\\\\#44557733\\\\/10,
.c-hex-44557733\\\\/10{color:rgba(68,85,119,0.1);}
.c-\\\\$color-variable,
.c-\\\\$color-variable\\\\/\\\\$opacity-variable,
.c-\\\\$color-variable\\\\/10{color:var(--color-variable);}
.color-\\\\$red{color:var(--red);}
.color-blue,
.color-blue-400{--un-text-opacity:1;color:rgba(96,165,250,var(--un-text-opacity));}
.color-blue-400\\\\/10,
.color-blue\\\\/10{color:rgba(96,165,250,0.1);}
.color-blue-gray,
.color-blue-gray-400,
.color-bluegray,
.color-bluegray-400{--un-text-opacity:1;color:rgba(148,163,184,var(--un-text-opacity));}
.color-blue-gray-400\\\\/10,
.color-blue-gray\\\\/10,
.color-bluegray-400\\\\/10,
.color-bluegray\\\\/10{color:rgba(148,163,184,0.1);}
.in-range\\\\:color-pink-100:in-range,
.open\\\\:color-pink-100[open],
.out-of-range\\\\:color-pink-100:out-of-range{--un-text-opacity:1;color:rgba(252,231,243,var(--un-text-opacity));}
.placeholder-color-red-1::placeholder,
.text-red-100,
.text-red100{--un-text-opacity:1;color:rgba(254,226,226,var(--un-text-opacity));}
.placeholder-shown-color-transparent:placeholder-shown,
.placeholder\\\\:color-transparent::placeholder{color:transparent;}
.selection\\\\:color-\\\\[var\\\\(--select-color\\\\)\\\\]::selection{color:var(--select-color);}
.text-\\\\[\\\\#124\\\\]{--un-text-opacity:1;color:rgba(17,34,68,var(--un-text-opacity));}
.text-\\\\[2em\\\\]{color:2em;}
.text-\\\\[calc\\\\(1em-1px\\\\)\\\\]{color:calc(1em - 1px);}
.text-\\\\[color\\\\:var\\\\(--color-x\\\\)\\\\]\\\\:\\\\[trick\\\\]{color:var(--color-x);}
.text-\\\\[color\\\\:var\\\\(--color\\\\)\\\\],
.text-\\\\[var\\\\(--color\\\\)\\\\]{color:var(--color);}
.text-\\\\$variable{color:var(--variable);}
.text-black\\\\/10{color:rgba(0,0,0,0.1);}
.text-red-200\\\\/10{color:rgba(254,202,202,0.1);}
.text-red-300\\\\/20{color:rgba(252,165,165,0.2);}
.text-red2{--un-text-opacity:1;color:rgba(254,202,202,var(--un-text-opacity));}
.text-rose{--un-text-opacity:1;color:rgba(251,113,133,var(--un-text-opacity));}
.placeholder-color-opacity-60::placeholder{--un-text-opacity:0.6;}
.text-opacity-\\\\[13\\\\.3333333\\\\%\\\\]{--un-text-opacity:13.3333333%;}
.italic,
.font-italic{font-style:italic;}
.oblique,
.font-oblique{font-style:oblique;}
.antialiased{-webkit-font-smoothing:antialiased;-moz-osx-font-smoothing:grayscale;font-smoothing:grayscale;}
.shadow,
.shadow-none,
.shadow-xl{--un-shadow-inset:var(--un-empty,/*!*/ /*!*/);--un-shadow:0 0 #0000;}
.shadow{--un-shadow:var(--un-shadow-inset) 0 1px 3px 0 var(--un-shadow-color, rgba(0,0,0,0.1)),var(--un-shadow-inset) 0 1px 2px -1px var(--un-shadow-color, rgba(0,0,0,0.1));box-shadow:var(--un-ring-offset-shadow, 0 0 #0000), var(--un-ring-shadow, 0 0 #0000), var(--un-shadow);}
.shadow-none{--un-shadow:0 0 var(--un-shadow-color, rgba(0,0,0,0));box-shadow:var(--un-ring-offset-shadow, 0 0 #0000), var(--un-ring-shadow, 0 0 #0000), var(--un-shadow);}
.shadow-xl{--un-shadow:var(--un-shadow-inset) 0 20px 25px -5px var(--un-shadow-color, rgba(0,0,0,0.1)),var(--un-shadow-inset) 0 8px 10px -6px var(--un-shadow-color, rgba(0,0,0,0.1));box-shadow:var(--un-ring-offset-shadow, 0 0 #0000), var(--un-ring-shadow, 0 0 #0000), var(--un-shadow);}
.shadow-current{--un-shadow-color:currentColor;}
.shadow-green-500{--un-shadow-opacity:1;--un-shadow-color:rgba(34,197,94,var(--un-shadow-opacity));}
.shadow-green-900\\\\/50{--un-shadow-color:rgba(20,83,45,0.5);}
.shadow-transparent{--un-shadow-color:transparent;}
.shadow-op-50{--un-shadow-opacity:0.5;}
.shadow-inset{--un-shadow-inset:inset;}
.ring,
.ring-10,
.ring-none,
.ring-px{--un-ring-inset:var(--un-empty,/*!*/ /*!*/);--un-ring-offset-width:0px;--un-ring-offset-color:#fff;--un-ring-width:0px;--un-ring-color:rgba(147,197,253,0.5);}
.ring,
.ring-px{--un-ring-width:1px;--un-ring-offset-shadow:var(--un-ring-inset) 0 0 0 var(--un-ring-offset-width) var(--un-ring-offset-color);--un-ring-shadow:var(--un-ring-inset) 0 0 0 calc(var(--un-ring-width) + var(--un-ring-offset-width)) var(--un-ring-color);box-shadow:var(--un-ring-offset-shadow), var(--un-ring-shadow), var(--un-shadow, 0 0 #0000);}
.ring-10{--un-ring-width:10px;--un-ring-offset-shadow:var(--un-ring-inset) 0 0 0 var(--un-ring-offset-width) var(--un-ring-offset-color);--un-ring-shadow:var(--un-ring-inset) 0 0 0 calc(var(--un-ring-width) + var(--un-ring-offset-width)) var(--un-ring-color);box-shadow:var(--un-ring-offset-shadow), var(--un-ring-shadow), var(--un-shadow, 0 0 #0000);}
.ring-none{--un-ring-width:0px;--un-ring-offset-shadow:var(--un-ring-inset) 0 0 0 var(--un-ring-offset-width) var(--un-ring-offset-color);--un-ring-shadow:var(--un-ring-inset) 0 0 0 calc(var(--un-ring-width) + var(--un-ring-offset-width)) var(--un-ring-color);box-shadow:var(--un-ring-offset-shadow), var(--un-ring-shadow), var(--un-shadow, 0 0 #0000);}
.ring-size-px,
.ring-width-px{--un-ring-width:1px;}
.ring-offset{--un-ring-offset-width:1px;}
.ring-offset-4{--un-ring-offset-width:4px;}
.ring-offset-none{--un-ring-offset-width:0px;}
.ring-offset-size-\\\\$variable,
.ring-offset-width-\\\\$variable{--un-ring-offset-width:var(--variable);}
.ring-red2{--un-ring-opacity:1;--un-ring-color:rgba(254,202,202,var(--un-ring-opacity));}
.ring-red2\\\\/5{--un-ring-color:rgba(254,202,202,0.05);}
.ring-op-5{--un-ring-opacity:0.05;}
.ring-offset-\\\\$variable{--un-ring-offset-color:var(--variable);}
.ring-offset-green5{--un-ring-offset-opacity:1;--un-ring-offset-color:rgba(34,197,94,var(--un-ring-offset-opacity));}
.ring-offset-red2{--un-ring-offset-opacity:1;--un-ring-offset-color:rgba(254,202,202,var(--un-ring-offset-opacity));}
.ring-offset-red2\\\\/5{--un-ring-offset-color:rgba(254,202,202,0.05);}
.ring-offset-op-5{--un-ring-offset-opacity:0.05;}
.ring-inset{--un-ring-inset:inset;}
.flex{display:flex;}
.flex-\\\\[\\\\$variable1_\\\\$variable2_\\\\$variable3\\\\]{flex:var(--variable1) var(--variable2) var(--variable3);}
.flex-\\\\[0_0_auto\\\\]{flex:0 0 auto;}
.flex-\\\\[1_0_100\\\\%\\\\]{flex:1 0 100%;}
.flex-\\\\[1_1_1\\\\/2\\\\]{flex:1 1 50%;}
.flex-\\\\[1_auto\\\\]{flex:1 auto;}
.flex-\\\\[fit-content\\\\]{flex:fit-content;}
.flex-\\\\[hi\\\\]{flex:hi;}
.flex-\\\\$variable{flex:var(--variable);}
.flex-shrink,
.shrink{flex-shrink:1;}
.flex-shrink-0,
.shrink-0{flex-shrink:0;}
.flex-grow,
.grow{flex-grow:1;}
.flex-grow-0,
.grow-0{flex-grow:0;}
.basis-auto{flex-basis:auto;}
.basis-none,
.flex-basis-0{flex-basis:0rem;}
.flex-basis-\\\\$variable{flex-basis:var(--variable);}
.flex-basis-1\\\\/2{flex-basis:50%;}
.flex-row{flex-direction:row;}
.flex-col-reverse{flex-direction:column-reverse;}
.grid{display:grid;}
.grid-col-\\\\$variable{grid-column:var(--variable);}
.grid-row-\\\\$variable{grid-row:var(--variable);}
.row-\\\\[span_1\\\\/span_2\\\\]{grid-row:span 1/span 2;}
.row-auto{grid-row:auto;}
.col-span-1{grid-column:span 1/span 1;}
.row-span-\\\\[hi\\\\]{grid-row:span hi/span hi;}
.row-span-full{grid-row:1/-1;}
.row-start-full{grid-row-start:full;}
.row-end-1{grid-row-end:1;}
.auto-cols-auto{grid-auto-columns:auto;}
.auto-rows-auto{grid-auto-rows:auto;}
.auto-rows-fr{grid-auto-rows:minmax(0,1fr);}
.auto-rows-min{grid-auto-rows:min-content;}
.grid-auto-cols-\\\\$variable{grid-auto-columns:var(--variable);}
.grid-auto-rows-\\\\$variable{grid-auto-rows:var(--variable);}
.auto-flow-col-dense{grid-auto-flow:column dense;}
.grid-cols-\\\\[1fr_2fr_100px_min-content\\\\]{grid-template-columns:1fr 2fr 100px min-content;}
.grid-cols-\\\\[repeat\\\\(3\\\\,auto\\\\)\\\\]{grid-template-columns:repeat(3,auto);}
.grid-cols-\\\\$1{grid-template-columns:var(--\\\\31 );}
.grid-rows-\\\\[1fr_2fr_100px_min-content\\\\]{grid-template-rows:1fr 2fr 100px min-content;}
.grid-cols-minmax-1rem{grid-template-columns:repeat(auto-fill,minmax(1rem,1fr));}
.grid-rows-minmax-100px{grid-template-rows:repeat(auto-fill,minmax(100px,1fr));}
.grid-cols-2{grid-template-columns:repeat(2,minmax(0,1fr));}
.grid-rows-3{grid-template-rows:repeat(3,minmax(0,1fr));}
.gap-\\\\$variable{grid-gap:var(--variable);gap:var(--variable);}
.gap-4{grid-gap:1rem;gap:1rem;}
.gap-none{grid-gap:0rem;gap:0rem;}
.gap2{grid-gap:0.5rem;gap:0.5rem;}
.-gap-y-5{grid-row-gap:-1.25rem;row-gap:-1.25rem;}
.flex-gap-y-1,
.grid-gap-y-1{grid-row-gap:0.25rem;row-gap:0.25rem;}
.gap-x-1{grid-column-gap:0.25rem;column-gap:0.25rem;}
.absolute{position:absolute;}
.pos-fixed{position:fixed;}
.position-sticky{position:sticky;}
.relative{position:relative;}
.static{position:static;}
.h-\\\\[calc\\\\(1000px-4rem\\\\)\\\\]{height:calc(1000px - 4rem);}
.h-\\\\$var{height:var(--var);}
.h-1{height:0.25rem;}
.h-1\\\\.000\\\\%,
.h1\\\\/100{height:1%;}
.h-1\\\\.001\\\\%{height:1.001%;}
.h-1\\\\.010\\\\%{height:1.01%;}
.h-1\\\\.100\\\\%{height:1.1%;}
.h-1\\\\/2,
.h-2\\\\/4,
.h-3\\\\/6{height:50%;}
.h-1\\\\/3,
.h-2\\\\/6{height:33.3333333333%;}
.h-1\\\\/4{height:25%;}
.h-1\\\\/5{height:20%;}
.h-1\\\\/6{height:16.6666666667%;}
.h-2\\\\/2{height:100%;}
.h-2\\\\/3,
.h-4\\\\/6{height:66.6666666667%;}
.h-21{height:5.25rem;}
.h-3\\\\/2{height:150%;}
.h-3\\\\/4{height:75%;}
.h-5\\\\/6{height:83.3333333333%;}
.h-6\\\\/7{height:85.7142857143%;}
.h-8\\\\/7{height:114.2857142857%;}
.h-auto{height:auto;}
.h-lg{height:32rem;}
.h20{height:5rem;}
.max-h-\\\\[1px\\\\]{max-height:1px;}
.max-w-\\\\$var{max-width:var(--var);}
.max-w-20{max-width:5rem;}
.max-w-full{max-width:100%;}
.max-w-lg{max-width:32rem;}
.max-w-none{max-width:none;}
.min-h-\\\\[1px\\\\]{min-height:1px;}
.min-w-\\\\$var{min-width:var(--var);}
.min-w-20{min-width:5rem;}
.min-w-full{min-width:100%;}
.min-w-lg{min-width:32rem;}
.min-w-none{min-width:none;}
.w-\\\\[calc\\\\(calc\\\\(100px\\\\*10\\\\)-4rem\\\\)\\\\]{width:calc(calc(100px * 10) - 4rem);}
.w-1{width:0.25rem;}
.w-1\\\\/4{width:25%;}
.w-21{width:5.25rem;}
.w-auto{width:auto;}
.w-lg{width:32rem;}
.block-\\\\[calc\\\\(1000px-4rem\\\\)\\\\]{block-size:calc(1000px - 4rem);}
.block-\\\\$var{block-size:var(--var);}
.block-1{block-size:0.25rem;}
.block-1\\\\/2{block-size:50%;}
.block-21{block-size:5.25rem;}
.block-8\\\\/7{block-size:114.2857142857%;}
.block-auto{block-size:auto;}
.block-lg{block-size:32rem;}
.inline-\\\\[calc\\\\(calc\\\\(100px\\\\*10\\\\)-4rem\\\\)\\\\]{inline-size:calc(calc(100px * 10) - 4rem);}
.inline-1{inline-size:0.25rem;}
.inline-1\\\\/4{inline-size:25%;}
.inline-21{inline-size:5.25rem;}
.inline-auto{inline-size:auto;}
.inline-lg{inline-size:32rem;}
.max-block-\\\\[1px\\\\]{max-block-size:1px;}
.max-inline-\\\\$var{max-inline-size:var(--var);}
.max-inline-20{max-inline-size:5rem;}
.max-inline-full{max-inline-size:100%;}
.max-inline-lg{max-inline-size:32rem;}
.max-inline-none{max-inline-size:none;}
.min-block-\\\\[1px\\\\]{min-block-size:1px;}
.min-inline-\\\\$var{min-inline-size:var(--var);}
.min-inline-20{min-inline-size:5rem;}
.min-inline-full{min-inline-size:100%;}
.min-inline-lg{min-inline-size:32rem;}
.min-inline-none{min-inline-size:none;}
.h-screen-lg{height:1024px;}
.h-screen-sm{height:640px;}
.max-w-screen-lg{max-width:1024px;}
.min-w-screen-lg{min-width:1024px;}
.aspect-\\\\[auto_16\\\\/9\\\\],
.aspect-ratio-\\\\[auto_16\\\\/9\\\\]{aspect-ratio:auto 16/9;}
.aspect-auto{aspect-ratio:auto;}
.aspect-ratio-\\\\$var{aspect-ratio:var(--var);}
.aspect-ratio-0\\\\.7{aspect-ratio:0.7;}
.aspect-ratio-3\\\\/2{aspect-ratio:3/2;}
.aspect-ratio-square{aspect-ratio:1/1;}
.aspect-ratio-video{aspect-ratio:16/9;}
.cursor-\\\\[url\\\\(cursor_2\\\\.png\\\\)_2_2\\\\,_pointer\\\\]{cursor:url(cursor\\\\_2.png) 2 2, pointer;}
.cursor-\\\\$pointer-var{cursor:var(--pointer-var);}
.cursor-pointer{cursor:pointer;}
.backface-hidden{backface-visibility:hidden;}
.pointer-events-auto{pointer-events:auto;}
.pointer-events-none{pointer-events:none;}
.resize{resize:both;}
.resize-none{resize:none;}
.align-text-bottom{vertical-align:text-bottom;}
.v-mid{vertical-align:middle;}
.v-top{vertical-align:top;}
.vertical-baseline{vertical-align:baseline;}
.vertical-super{vertical-align:super;}
.select-all{user-select:all;}
.select-none{user-select:none;}
.whitespace-pre-wrap{white-space:pre-wrap;}
.ws-nowrap{white-space:nowrap;}
.break-normal{overflow-wrap:normal;word-break:normal;}
.break-words{overflow-wrap:break-word;}
.overflow-auto{overflow:auto;}
.of-y-visible{overflow-y:visible;}
.overflow-x-scroll{overflow-x:scroll;}
.overflow-y-clip{overflow-y:clip;}
.outline-110{outline-width:110px;}
.outline-size-\\\\[var\\\\(--width\\\\)\\\\]{outline-width:var(--width);}
.outline-size-\\\\$variable,
.outline-width-\\\\$variable{outline-width:var(--variable);}
.outline-size-4,
.outline-width-4{outline-width:4px;}
.outline-size-none{outline-width:0px;}
.outline-width-10px{outline-width:10px;}
.outline-\\\\[var\\\\(--red\\\\)\\\\]{outline-color:var(--red);}
.outline-\\\\$variable{outline-color:var(--variable);}
.outline-blue-2{--un-outline-color-opacity:1;outline-color:rgba(191,219,254,var(--un-outline-color-opacity));}
.outline-color-red-1{--un-outline-color-opacity:1;outline-color:rgba(254,226,226,var(--un-outline-color-opacity));}
.outline-gray,
.outline-gray-400{--un-outline-color-opacity:1;outline-color:rgba(156,163,175,var(--un-outline-color-opacity));}
.outline-offset-\\\\[var\\\\(--offset\\\\)\\\\]{outline-offset:var(--offset);}
.outline-offset-\\\\$variable{outline-offset:var(--variable);}
.outline-offset-4{outline-offset:4px;}
.outline-offset-none{outline-offset:0px;}
.outline,
.outline-solid{outline-style:solid;}
.outline-hidden{outline-style:hidden;}
.outline-inset{outline-style:inset;}
.outline-unset{outline-style:unset;}
.outline-none{outline:2px solid transparent;outline-offset:2px;}
.appearance-none{appearance:none;-webkit-appearance:none;}
.order-\\\\$variable{order:var(--variable);}
.order-first{order:-9999;}
.order-none{order:0;}
.justify-start{justify-content:flex-start;}
.justify-center{justify-content:center;}
.justify-items-end{justify-items:end;}
.justify-self-stretch{justify-self:stretch;}
.content-center{align-content:center;}
.content-start{align-content:flex-start;}
.items-end{align-items:flex-end;}
.self-stretch{align-self:stretch;}
.place-content-stretch{place-content:stretch;}
.place-items-stretch{place-items:stretch;}
.place-self-stretch{place-self:stretch;}
.inset-\\\\[5px\\\\]{inset:5px;}
.inset-\\\\$variable{inset:var(--variable);}
.inset-0,
.inset-none{inset:0rem;}
.inset-5{inset:1.25rem;}
.inset-x-5{left:1.25rem;right:1.25rem;}
.inset-y-5{top:1.25rem;bottom:1.25rem;}
.inset-b-5{bottom:1.25rem;}
.inset-e-5,
.inset-ie-5{inset-inline-end:1.25rem;}
.inset-s-\\\\$variable{inset-inline-start:var(--variable);}
.inset-t-5{top:1.25rem;}
.inset-block-5{inset-block-start:1.25rem;inset-block-end:1.25rem;}
.inset-inline-\\\\$variable{inset-inline-start:var(--variable);inset-inline-end:var(--variable);}
.inset-inline-5{inset-inline-start:1.25rem;inset-inline-end:1.25rem;}
.inset-bs-5{inset-block-start:1.25rem;}
.top-\\\\$top-height{top:var(--top-height);}
.top-0{top:0rem;}
.float-left{float:left;}
.float-none{float:none;}
.clear-both{clear:both;}
.clear-none{clear:none;}
.z0,
.z-0{z-index:0;}
.-z-1{z-index:-1;}
.z-\\\\$variable{z-index:var(--variable);}
.z-1{z-index:1;}
.z-100{z-index:100;}
.z-auto{z-index:auto;}
.box-border{box-sizing:border-box;}
.box-content{box-sizing:content-box;}
.transition{transition-property:color,background-color,border-color,text-decoration-color,fill,stroke,opacity,box-shadow,transform,filter,backdrop-filter;transition-timing-function:cubic-bezier(0.4, 0, 0.2, 1);transition-duration:150ms;}
.transition-200{transition-property:color,background-color,border-color,text-decoration-color,fill,stroke,opacity,box-shadow,transform,filter,backdrop-filter;transition-timing-function:cubic-bezier(0.4, 0, 0.2, 1);transition-duration:200ms;}
.transition-background-color\\\\,color-200{transition-property:background-color,color;transition-timing-function:cubic-bezier(0.4, 0, 0.2, 1);transition-duration:200ms;}
.transition-color\\\\,background-color-200{transition-property:color,background-color;transition-timing-function:cubic-bezier(0.4, 0, 0.2, 1);transition-duration:200ms;}
.transition-opacity-200{transition-property:opacity;transition-timing-function:cubic-bezier(0.4, 0, 0.2, 1);transition-duration:200ms;}
.duration-111{transition-duration:111ms;}
.transition-duration-\\\\$variable{transition-duration:var(--variable);}
.transition-duration-300{transition-duration:300ms;}
.transition-delay-\\\\$variable{transition-delay:var(--variable);}
.transition-delay-300{transition-delay:300ms;}
.ease-\\\\$variable{transition-timing-function:var(--variable);}
.ease-linear{transition-timing-function:linear;}
.ease-out{transition-timing-function:cubic-bezier(0, 0, 0.2, 1);}
.transition-ease-in{transition-timing-function:cubic-bezier(0.4, 0, 1, 1);}
.property-all,
.transition-property-all{transition-property:all;}
.property-margin\\\\,padding{transition-property:margin,padding;}
.property-none{transition-property:none;}
.property-padding\\\\,margin{transition-property:padding,margin;}
.property-unset{transition-property:unset;}
.transition-property-width{transition-property:width;}
.transition-none{transition:none;}
.origin-top-left{transform-origin:top left;}
.perspect-\\\\$variable{-webkit-perspective:var(--variable);perspective:var(--variable);}
.perspect-100{-webkit-perspective:100px;perspective:100px;}
.perspect-23rem{-webkit-perspective:23rem;perspective:23rem;}
.perspect-800px{-webkit-perspective:800px;perspective:800px;}
.perspect-origin-\\\\[150\\\\%_150\\\\%\\\\]{-webkit-perspective-origin:150% 150%;perspective-origin:150% 150%;}
.perspect-origin-\\\\[150\\\\%\\\\]{-webkit-perspective-origin:150%;perspective-origin:150%;}
.perspect-origin-\\\\$variable{-webkit-perspective-origin:var(--variable);perspective-origin:var(--variable);}
.perspect-origin-center{-webkit-perspective-origin:center;perspective-origin:center;}
.perspect-origin-top-right{-webkit-perspective-origin:top right;perspective-origin:top right;}
.-translate-full,
.scope_class .scope-scope_class\\\\:translate-0,
.translate-full,
.translate-none,
.-translate-x-full,
.-translate-y-1\\\\/2,
.before\\\\:translate-y-full::before,
.hover\\\\:translate-x-3:hover,
.peer:checked~.peer-checked\\\\:translate-x-\\\\[var\\\\(--reveal\\\\)\\\\],
.translate-x-\\\\$variable,
.translate-x-full,
.translate-y-1\\\\/4,
.translate-y-px,
.-rotate-2,
.rotate-\\\\[var\\\\(--spin\\\\)\\\\],
.rotate-\\\\$variable,
.rotate-1deg,
.rotate-x-\\\\$variable,
.rotate-x-1deg,
.rotate-y-1,
.rotate-z-\\\\[var\\\\(--spin\\\\)\\\\],
.transform-rotate-y-1,
.transform-rotate-z-\\\\[var\\\\(--spin\\\\)\\\\],
.skew-x-\\\\[var\\\\(--skew-x\\\\)\\\\],
.skew-x-\\\\$variable,
.skew-x-10,
.skew-x-10\\\\.00deg,
.skew-x-10\\\\.01deg,
.skew-x-10\\\\.10deg,
.skew-x-10\\\\.11deg,
.skew-x-10deg,
.skew-y-\\\\[var\\\\(--skew-y\\\\)\\\\],
.skew-y-0\\\\.5turn,
.skew-y-10,
.skew-y-10deg,
.skew-y-2grad,
.skew-y-3\\\\.14rad,
.hover\\\\:scale-4:hover,
.scale-\\\\$variable,
.active\\\\:scale-4:active,
.-scale-x-full,
.scale-x-\\\\$variable,
.transform{--un-rotate:0;--un-rotate-x:0;--un-rotate-y:0;--un-rotate-z:0;--un-scale-x:1;--un-scale-y:1;--un-scale-z:1;--un-skew-x:0;--un-skew-y:0;--un-translate-x:0;--un-translate-y:0;--un-translate-z:0;--un-transform:translateX(var(--un-translate-x)) translateY(var(--un-translate-y)) translateZ(var(--un-translate-z)) rotate(var(--un-rotate)) rotateX(var(--un-rotate-x)) rotateY(var(--un-rotate-y)) rotateZ(var(--un-rotate-z)) skewX(var(--un-skew-x)) skewY(var(--un-skew-y)) scaleX(var(--un-scale-x)) scaleY(var(--un-scale-y)) scaleZ(var(--un-scale-z));}
.-translate-full{--un-translate-x:-100%;--un-translate-y:-100%;transform:var(--un-transform);}
.scope_class .scope-scope_class\\\\:translate-0,
.translate-none{--un-translate-x:0rem;--un-translate-y:0rem;transform:var(--un-transform);}
.translate-full{--un-translate-x:100%;--un-translate-y:100%;transform:var(--un-transform);}
.-translate-x-full{--un-translate-x:-100%;transform:var(--un-transform);}
.-translate-y-1\\\\/2{--un-translate-y:-50%;transform:var(--un-transform);}
.before\\\\:translate-y-full::before{--un-translate-y:100%;transform:var(--un-transform);}
.hover\\\\:translate-x-3:hover{--un-translate-x:0.75rem;transform:var(--un-transform);}
.peer:checked~.peer-checked\\\\:translate-x-\\\\[var\\\\(--reveal\\\\)\\\\]{--un-translate-x:var(--reveal);transform:var(--un-transform);}
.translate-x-\\\\$variable{--un-translate-x:var(--variable);transform:var(--un-transform);}
.translate-x-full{--un-translate-x:100%;transform:var(--un-transform);}
.translate-y-1\\\\/4{--un-translate-y:25%;transform:var(--un-transform);}
.translate-y-px{--un-translate-y:1px;transform:var(--un-transform);}
.-rotate-2{--un-rotate-x:0;--un-rotate-y:0;--un-rotate-z:0;--un-rotate:-2deg;transform:var(--un-transform);}
.rotate-\\\\[var\\\\(--spin\\\\)\\\\]{--un-rotate-x:0;--un-rotate-y:0;--un-rotate-z:0;--un-rotate:var(--spin);transform:var(--un-transform);}
.rotate-\\\\$variable{--un-rotate-x:0;--un-rotate-y:0;--un-rotate-z:0;--un-rotate:var(--variable);transform:var(--un-transform);}
.rotate-1deg{--un-rotate-x:0;--un-rotate-y:0;--un-rotate-z:0;--un-rotate:1deg;transform:var(--un-transform);}
.rotate-x-\\\\$variable{--un-rotate:0;--un-rotate-x:var(--variable);transform:var(--un-transform);}
.rotate-x-1deg{--un-rotate:0;--un-rotate-x:1deg;transform:var(--un-transform);}
.rotate-y-1,
.transform-rotate-y-1{--un-rotate:0;--un-rotate-y:1deg;transform:var(--un-transform);}
.rotate-z-\\\\[var\\\\(--spin\\\\)\\\\],
.transform-rotate-z-\\\\[var\\\\(--spin\\\\)\\\\]{--un-rotate:0;--un-rotate-z:var(--spin);transform:var(--un-transform);}
.skew-x-\\\\[var\\\\(--skew-x\\\\)\\\\]{--un-skew-x:var(--skew-x);transform:var(--un-transform);}
.skew-x-\\\\$variable{--un-skew-x:var(--variable);transform:var(--un-transform);}
.skew-x-10,
.skew-x-10\\\\.00deg,
.skew-x-10deg{--un-skew-x:10deg;transform:var(--un-transform);}
.skew-x-10\\\\.01deg{--un-skew-x:10.01deg;transform:var(--un-transform);}
.skew-x-10\\\\.10deg{--un-skew-x:10.1deg;transform:var(--un-transform);}
.skew-x-10\\\\.11deg{--un-skew-x:10.11deg;transform:var(--un-transform);}
.skew-y-\\\\[var\\\\(--skew-y\\\\)\\\\]{--un-skew-y:var(--skew-y);transform:var(--un-transform);}
.skew-y-0\\\\.5turn{--un-skew-y:0.5turn;transform:var(--un-transform);}
.skew-y-10,
.skew-y-10deg{--un-skew-y:10deg;transform:var(--un-transform);}
.skew-y-2grad{--un-skew-y:2grad;transform:var(--un-transform);}
.skew-y-3\\\\.14rad{--un-skew-y:3.14rad;transform:var(--un-transform);}
.hover\\\\:scale-4:hover,
.active\\\\:scale-4:active{--un-scale-x:0.04;--un-scale-y:0.04;transform:var(--un-transform);}
.scale-\\\\$variable{--un-scale-x:var(--variable);--un-scale-y:var(--variable);transform:var(--un-transform);}
.-scale-x-full{--un-scale-x:-100%;transform:var(--un-transform);}
.scale-x-\\\\$variable{--un-scale-x:var(--variable);transform:var(--un-transform);}
.preserve-3d{transform-style:preserve-3d;}
.preserve-flat{transform-style:flat;}
.transform{transform:var(--un-transform);}
.transform-gpu{--un-transform:translate3d(var(--un-translate-x), var(--un-translate-y), var(--un-translate-z)) rotate(var(--un-rotate)) rotateX(var(--un-rotate-x)) rotateY(var(--un-rotate-y)) rotateZ(var(--un-rotate-z)) skewX(var(--un-skew-x)) skewY(var(--un-skew-y)) scaleX(var(--un-scale-x)) scaleY(var(--un-scale-y)) scaleZ(var(--un-scale-z));}
.transform-cpu{--un-transform:translateX(var(--un-translate-x)) translateY(var(--un-translate-y)) translateZ(var(--un-translate-z)) rotate(var(--un-rotate)) rotateX(var(--un-rotate-x)) rotateY(var(--un-rotate-y)) rotateZ(var(--un-rotate-z)) skewX(var(--un-skew-x)) skewY(var(--un-skew-y)) scaleX(var(--un-scale-x)) scaleY(var(--un-scale-y)) scaleZ(var(--un-scale-z));}
.transform-none{transform:none;}
.will-change-auto{will-change:auto;}
.will-change-contents{will-change:contents;}
.will-change-margin\\\\,padding{will-change:margin,padding;}
.will-change-padding\\\\,margin{will-change:padding,margin;}
.will-change-scroll{will-change:scroll-position;}
.will-change-transform{will-change:transform;}
.will-change-unset{will-change:unset;}
@media (--cssvar){
.media-cssvar\\\\:block{display:block;}
}
@media (prefers-color-scheme: dark){
.dark\\\\:text-xl{font-size:1.25rem;line-height:1.75rem;}
.dark\\\\:not-odd\\\\:text-red:not(:nth-child(odd)){--un-text-opacity:1;color:rgba(248,113,113,var(--un-text-opacity));}
}
@media (prefers-color-scheme: light){
.light\\\\:text-sm{font-size:0.875rem;line-height:1.25rem;}
}
@media print{
.print\\\\:block{display:block;}
.print\\\\:link\\\\:\\\\!underline:link{text-decoration-line:underline !important;}
}
@media (max-width: 1023.9px){
.lt-lg\\\\:m2{margin:0.5rem;}
}
@media (max-width: 639.9px){
.lt-sm\\\\:m1{margin:0.25rem;}
}
@media (min-width: 640px){
.sm\\\\:important\\\\:p-3{padding:0.75rem !important;}
.sm\\\\:m-1,
.sm\\\\:m1{margin:0.25rem;}
}
@media (min-width: 640px) and (max-width: 767.9px){
.at-sm\\\\:m1{margin:0.25rem;}
}
@media (min-width: 768px){
.md\\\\:m-1{margin:0.25rem;}
.md\\\\:\\\\!hidden{display:none !important;}
}
@media (min-width: 1024px) and (max-width: 1279.9px){
.at-lg\\\\:m2{margin:0.5rem;}
}
@media (min-width: 1536px){
.at-2xl\\\\:m2{margin:0.5rem;}
}
/* layer: uno_css */
.layer-uno_css\\\\:block{display:block;}"
`;
