// Vitest Snapshot v1

exports[`runtime auto prefixer > using autoprefixer 1`] = `
"/* layer: default */
.\\\\[--vars\\\\:value\\\\]{--vars:value;}
.\\\\[-vars\\\\:value\\\\],
.\\\\[vars\\\\:value\\\\]{-webkit-vars:value;}
.\\\\[filter\\\\:none\\\\]{-webkit-filter:none;}
.\\\\[hyphens\\\\:none\\\\]{-ms-hyphens:none;}
.\\\\[non-hyphens\\\\:none\\\\]{non-hyphens:none;}
.\\\\[perspective\\\\:0\\\\]{-webkit-perspective:0;}
.perspect-1px{-webkit-perspective:1px;}
.hyphens-auto{-webkit-hyphens:auto;-ms-hyphens:auto;}
.filter{-webkit-filter:var(--un-filter);}"
`;

exports[`runtime auto prefixer > without autoprefixer 1`] = `
"/* layer: default */
.\\\\[--vars\\\\:value\\\\]{--vars:value;}
.\\\\[-vars\\\\:value\\\\]{-vars:value;}
.\\\\[filter\\\\:none\\\\]{filter:none;}
.\\\\[hyphens\\\\:none\\\\]{hyphens:none;}
.\\\\[non-hyphens\\\\:none\\\\]{non-hyphens:none;}
.\\\\[perspective\\\\:0\\\\]{perspective:0;}
.\\\\[vars\\\\:value\\\\]{vars:value;}
.perspect-1px{-webkit-perspective:1px;perspective:1px;}
.hyphens-auto{-webkit-hyphens:auto;-ms-hyphens:auto;hyphens:auto;}
.filter{filter:var(--un-filter);}"
`;
