// Vitest Snapshot v1

exports[`transformer-directives > css file 1`] = `
":root {
  --header-height: 4.5rem;
}

html {
  --un-bg-opacity: 1;
  background-color: rgba(242, 242, 242, var(--un-bg-opacity));
  --un-text-opacity: 1;
  color: rgba(64, 64, 64, var(--un-text-opacity));
}

html.dark {
  --un-bg-opacity: 1;
  background-color: rgba(24, 24, 24, var(--un-bg-opacity));
  --un-text-opacity: 1;
  color: rgba(243, 244, 246, var(--un-text-opacity));
}

#nprogress {
  pointer-events: none;
}

#nprogress .bar {
  --un-bg-opacity: 1;
  background-color: rgba(168, 85, 247, var(--un-bg-opacity));
  --un-bg-opacity: 0.75;

  position: fixed;
  z-index: 1031;
  top: 0;
  left: 0;

  width: 100%;
  height: 2px;
}

.hover-transform {
  --un-rotate: 0;
  --un-rotate-x: 0;
  --un-rotate-y: 0;
  --un-rotate-z: 0;
  --un-scale-x: 1;
  --un-scale-y: 1;
  --un-scale-z: 1;
  --un-skew-x: 0;
  --un-skew-y: 0;
  --un-translate-x: 0;
  --un-translate-y: 0;
  --un-translate-z: 0;
  --un-transform: translateX(var(--un-translate-x))
    translateY(var(--un-translate-y)) translateZ(var(--un-translate-z))
    rotate(var(--un-rotate)) rotateX(var(--un-rotate-x))
    rotateY(var(--un-rotate-y)) rotateZ(var(--un-rotate-z))
    skewX(var(--un-skew-x)) skewY(var(--un-skew-y)) scaleX(var(--un-scale-x))
    scaleY(var(--un-scale-y)) scaleZ(var(--un-scale-z));
  transform: var(--un-transform);
  transition-property: color, background-color, border-color,
    text-decoration-color, fill, stroke, opacity, box-shadow, transform, filter,
    backdrop-filter;
  transition-timing-function: cubic-bezier(0.4, 0, 0.2, 1);
  transition-duration: 150ms;
  transition-duration: 300ms;
  transition-timing-function: cubic-bezier(0.4, 0, 0.2, 1);
}
.hover-transform:hover {
  --un-rotate: 0;
  --un-rotate-x: 0;
  --un-rotate-y: 0;
  --un-rotate-z: 0;
  --un-scale-x: 1;
  --un-scale-y: 1;
  --un-scale-z: 1;
  --un-skew-x: 0;
  --un-skew-y: 0;
  --un-translate-x: 0;
  --un-translate-y: 0;
  --un-translate-z: 0;
  --un-transform: translateX(var(--un-translate-x))
    translateY(var(--un-translate-y)) translateZ(var(--un-translate-z))
    rotate(var(--un-rotate)) rotateX(var(--un-rotate-x))
    rotateY(var(--un-rotate-y)) rotateZ(var(--un-rotate-z))
    skewX(var(--un-skew-x)) skewY(var(--un-skew-y)) scaleX(var(--un-scale-x))
    scaleY(var(--un-scale-y)) scaleZ(var(--un-scale-z));
  --un-translate-y: -1px;
  transform: var(--un-transform);
}

.basic-transition {
  transition-property: color, background-color, border-color,
    text-decoration-color, fill, stroke, opacity, box-shadow, transform, filter,
    backdrop-filter;
  transition-timing-function: cubic-bezier(0.4, 0, 0.2, 1);
  transition-duration: 150ms;
  transition-duration: 300ms;
  transition-timing-function: cubic-bezier(0.4, 0, 0.2, 1);
}

.cursor-pen {
  cursor: url(https://api.iconify.design/mdi:lead-pencil.svg) 2 18, auto;
}

.select-dark {
  display: block;
  width: 100%;
  appearance: none;
  -webkit-appearance: none;
  border-radius: 0.25rem;
  --un-bg-opacity: 1;
  background-color: rgba(55, 65, 81, var(--un-bg-opacity));
  padding-left: 2rem;
  padding-right: 2rem;
  padding-top: 0.5rem;
  padding-bottom: 0.5rem;
  padding-right: 2.5rem;
  line-height: 1.25;
  outline: 2px solid transparent;
  outline-offset: 2px;
  --un-ring-inset: var(--un-empty, /*!*/ /*!*/);
  --un-ring-offset-width: 0px;
  --un-ring-offset-color: #fff;
  --un-ring-width: 0px;
  --un-ring-color: rgba(147, 197, 253, 0.5);
  --un-ring-width: 1px;
  --un-ring-offset-shadow: var(--un-ring-inset) 0 0 0
    var(--un-ring-offset-width) var(--un-ring-offset-color);
  --un-ring-shadow: var(--un-ring-inset) 0 0 0
    calc(var(--un-ring-width) + var(--un-ring-offset-width))
    var(--un-ring-color);
  box-shadow: var(--un-ring-offset-shadow), var(--un-ring-shadow),
    var(--un-shadow, 0 0 #0000);
  --un-ring-opacity: 1;
  --un-ring-color: rgba(31, 41, 55, var(--un-ring-opacity));
  --un-ring-opacity: 0.75;
}
@media (prefers-color-scheme: dark) {
  .select-dark {
    --un-bg-opacity: 1;
    background-color: rgba(31, 41, 55, var(--un-bg-opacity));
  }
}
.select-dark:focus {
  --un-ring-opacity: 1;
}

.icon-btn {
  display: inline-block;
  cursor: pointer;
  user-select: none;
  font-size: 1.5rem;
  line-height: 2rem;
  opacity: 0.75;
  transition-property: color, background-color, border-color,
    text-decoration-color, fill, stroke, opacity, box-shadow, transform, filter,
    backdrop-filter;
  transition-timing-function: cubic-bezier(0.4, 0, 0.2, 1);
  transition-duration: 150ms;
  transition-duration: 200ms;
  transition-timing-function: cubic-bezier(0.4, 0, 0.2, 1);
}
.icon-btn:hover {
  opacity: 1;
}

.d-header {
  position: sticky;
  top: 0rem;
  z-index: 50;
  width: 100%;
  height: var(--header-height);
  --un-bg-opacity: 1;
  background-color: rgba(0, 0, 0, var(--un-bg-opacity));
  --un-bg-opacity: 0.8;
  --un-text-opacity: 1;
  color: rgba(255, 255, 255, var(--un-text-opacity));
  --un-backdrop-blur: var(--un-empty, /*!*/ /*!*/);
  --un-backdrop-brightness: var(--un-empty, /*!*/ /*!*/);
  --un-backdrop-contrast: var(--un-empty, /*!*/ /*!*/);
  --un-backdrop-grayscale: var(--un-empty, /*!*/ /*!*/);
  --un-backdrop-hue-rotate: var(--un-empty, /*!*/ /*!*/);
  --un-backdrop-invert: var(--un-empty, /*!*/ /*!*/);
  --un-backdrop-opacity: var(--un-empty, /*!*/ /*!*/);
  --un-backdrop-saturate: var(--un-empty, /*!*/ /*!*/);
  --un-backdrop-sepia: var(--un-empty, /*!*/ /*!*/);
  --un-backdrop-filter: var(--un-backdrop-blur) var(--un-backdrop-brightness)
    var(--un-backdrop-contrast) var(--un-backdrop-grayscale)
    var(--un-backdrop-hue-rotate) var(--un-backdrop-invert)
    var(--un-backdrop-opacity) var(--un-backdrop-saturate)
    var(--un-backdrop-sepia);
  --un-backdrop-blur: blur(16px);
  -webkit-backdrop-filter: var(--un-backdrop-filter);
  backdrop-filter: var(--un-backdrop-filter);
  --un-backdrop-blur: var(--un-empty, /*!*/ /*!*/);
  --un-backdrop-brightness: var(--un-empty, /*!*/ /*!*/);
  --un-backdrop-contrast: var(--un-empty, /*!*/ /*!*/);
  --un-backdrop-grayscale: var(--un-empty, /*!*/ /*!*/);
  --un-backdrop-hue-rotate: var(--un-empty, /*!*/ /*!*/);
  --un-backdrop-invert: var(--un-empty, /*!*/ /*!*/);
  --un-backdrop-opacity: var(--un-empty, /*!*/ /*!*/);
  --un-backdrop-saturate: var(--un-empty, /*!*/ /*!*/);
  --un-backdrop-sepia: var(--un-empty, /*!*/ /*!*/);
  --un-backdrop-filter: var(--un-backdrop-blur) var(--un-backdrop-brightness)
    var(--un-backdrop-contrast) var(--un-backdrop-grayscale)
    var(--un-backdrop-hue-rotate) var(--un-backdrop-invert)
    var(--un-backdrop-opacity) var(--un-backdrop-saturate)
    var(--un-backdrop-sepia);
  -webkit-backdrop-filter: var(--un-backdrop-filter);
  backdrop-filter: var(--un-backdrop-filter);
}
@media (prefers-color-scheme: dark) {
  .d-header {
    --un-bg-opacity: 1;
    background-color: rgba(45, 45, 45, var(--un-bg-opacity));
  }
}

.d-container {
  margin-left: auto;
  margin-right: auto;
  max-width: 1280px;
  padding-left: 0.5rem;
  padding-right: 0.5rem;
  padding-top: 2rem;
}
@media (min-width: 1024px) {
  .d-container {
    padding-left: 1.5rem;
    padding-right: 1.5rem;
    padding-top: 3rem;
  }
}

input {
  border-radius: 0.25rem;
  --un-bg-opacity: 1;
  background-color: rgba(50, 50, 50, var(--un-bg-opacity));
  padding-left: 0.75rem;
  padding-right: 0.75rem;
  padding-top: 0.5rem;
  padding-bottom: 0.5rem;
  outline: 2px solid transparent;
  outline-offset: 2px;
}
input:focus {
  --un-ring-inset: var(--un-empty, /*!*/ /*!*/);
  --un-ring-offset-width: 0px;
  --un-ring-offset-color: #fff;
  --un-ring-width: 0px;
  --un-ring-color: rgba(147, 197, 253, 0.5);
  --un-ring-width: 1px;
  --un-ring-offset-shadow: var(--un-ring-inset) 0 0 0
    var(--un-ring-offset-width) var(--un-ring-offset-color);
  --un-ring-shadow: var(--un-ring-inset) 0 0 0
    calc(var(--un-ring-width) + var(--un-ring-offset-width))
    var(--un-ring-color);
  box-shadow: var(--un-ring-offset-shadow), var(--un-ring-shadow),
    var(--un-shadow, 0 0 #0000);
}

.btn {
  border-radius: 0.25rem;
  --un-bg-opacity: 1;
  background-color: rgba(60, 60, 60, var(--un-bg-opacity));
  padding-top: 0.5rem;
  padding-bottom: 0.5rem;
  padding-left: 1rem;
  padding-right: 1rem;
  text-align: center;
  font-weight: 500;
  text-transform: uppercase;
  --un-text-opacity: 1;
  color: rgba(255, 255, 255, var(--un-text-opacity));
}
.btn:disabled {
  cursor: not-allowed;
  opacity: 0.6;
}
.btn:focus {
  outline: 2px solid transparent;
  outline-offset: 2px;
  --un-ring-inset: var(--un-empty, /*!*/ /*!*/);
  --un-ring-offset-width: 0px;
  --un-ring-offset-color: #fff;
  --un-ring-width: 0px;
  --un-ring-color: rgba(147, 197, 253, 0.5);
  --un-ring-width: 1px;
  --un-ring-offset-shadow: var(--un-ring-inset) 0 0 0
    var(--un-ring-offset-width) var(--un-ring-offset-color);
  --un-ring-shadow: var(--un-ring-inset) 0 0 0
    calc(var(--un-ring-width) + var(--un-ring-offset-width))
    var(--un-ring-color);
  box-shadow: var(--un-ring-offset-shadow), var(--un-ring-shadow),
    var(--un-shadow, 0 0 #0000);
}
"
`;
