// Vitest Snapshot v1, https://vitest.dev/guide/snapshot.html

exports[`transformer-variant-group > basic > "!hover:(m-2 p-2)" 1`] = `"!hover:m-2 !hover:p-2"`;

exports[`transformer-variant-group > basic > "[&]:(w-4 h-4) [&]:(w-4 h-4)" 1`] = `"[&]:w-4 [&]:h-4 [&]:w-4 [&]:h-4"`;

exports[`transformer-variant-group > basic > "at-lg:(p-1 p-2)" 1`] = `"at-lg:p-1 at-lg:p-2"`;

exports[`transformer-variant-group > basic > "bg-white font-light sm:hover:(bg-gray-100 font-medium)" 1`] = `"bg-white font-light sm:hover:bg-gray-100 sm:hover:font-medium"`;

exports[`transformer-variant-group > basic > "dark:lg:(p-1 p-2)" 1`] = `"dark:lg:p-1 dark:lg:p-2"`;

exports[`transformer-variant-group > basic > "hover:(
!m-2 
p-2
)" 1`] = `"!hover:m-2 hover:p-2"`;

exports[`transformer-variant-group > basic > "hover:(!m-2 p-2)" 1`] = `"!hover:m-2 hover:p-2"`;

exports[`transformer-variant-group > basic > "lt-md:(grid grid-cols-[1fr,50%])" 1`] = `"lt-md:grid lt-md:grid-cols-[1fr,50%]"`;

exports[`transformer-variant-group > basic > "lt-sm:hover:(p-1 p-2)" 1`] = `"lt-sm:hover:p-1 lt-sm:hover:p-2"`;

exports[`transformer-variant-group > basic > "md:(w-1/2 h-[calc(100%-4rem)])" 1`] = `"md:w-1/2 md:h-[calc(100%-4rem)]"`;

exports[`transformer-variant-group > basic > "md:(w-40vw pr-4.5rem)" 1`] = `"md:w-40vw md:pr-4.5rem"`;

exports[`transformer-variant-group > basic > "sm:(p-1 p-2)" 1`] = `"sm:p-1 sm:p-2"`;
